// Jest Snapshot v1, https://jestjs.io/docs/snapshot-testing

exports[`CategoriesCard coincide con el snapshot 1`] = `
<button
  class="lg:row-span-2 lg:col-start-1 lg:row-start-1 rounded-lg shadow-lg border-[1.5px] border-slate-400 p-4 flex lg:flex-col gap-4"
>
  <div
    class="w-full"
  >
    <img
      alt="Título de Prueba"
      class="w-full h-[180px] object-cover rounded-lg"
      src="https://example.com/image.jpg"
    />
  </div>
  <div
    class="w-full"
  >
    <h2
      class="  sm:text-md md:text-xl lg:text-2xl xl:text-4xl font-bold mb-2 text-terciaryLight dark:text-terciaryDark"
    >
      Título de Prueba
    </h2>
    <hr
      class="mb-3"
    />
    <p
      class="line-clamp-6"
    >
      Esta es una descripción de prueba para el componente
    </p>
  </div>
</button>
`;
